---
source: crates/usfm_usx/tests/reader.rs
description: "<usx version=\"3.0\"><book code=\"GEN\" style=\"id\"/><chapter number=\"1\" style=\"c\" sid=\"GEN 1\"/><para style=\"p\">a <char>b</char> c</para><chapter eid=\"GEN 1\"/></usx>"
---
Book GEN "" @19..48
Para usfm@5..18
  Text "3.0"@14..17
ChapterStart 1@48..91
Para p@91..132
  Text "a b c"@107..125
ChapterEnd 1
--- diagnostics
warning[usx-unknown-element] @109..123: `<char>` has no `style`; its content is read in its place
