---
source: usfm_parser/tests/snapshot.rs
description: "\\id ZZZ bad code\n\\c 1\n\\p \\v 1 x\n"
---
ChapterStart 1@17..21
Para p@22..32
  VerseStart 1@25..29
  Text "x"@30..32
  VerseEnd 1
ChapterEnd 1
--- diagnostics
error[missing-id] @0..0: document must start with `\id`
error[unknown-book-code] @4..7: `ZZZ` is not a known book code
