---
source: usfm_parser/tests/snapshot.rs
description: "\\id GEN\n\\c 1\n\\p \\v 1 \\tc1 cell marker in para\n"
snapshot_kind: text
---
Book GEN "" @0..7
ChapterStart 1@8..12
Para p@13..46
  VerseStart 1@16..20
  Char tc1@21..46
    Text "cell marker in para"@26..46
  VerseEnd 1
ChapterEnd 1
--- diagnostics
info[marker-not-listed-here] @21..25: `\tc1` is not listed as occurring under `\p`
warning[character-style-not-closed] @21..25: `\tc1` was still open at end of input
