---
source: crates/usfm_parser/tests/recovery.rs
description: "\\periph\\id\\e\\*"
---
Periph periph@0..14
  Para p@10..14
    Milestone e@10..14
--- diagnostics
error[missing-book-code] @7..10: `\id` must be followed by a book code
warning[unknown-milestone] @10..12: milestone `\e` is not in the stylesheet
error[content-outside-paragraph] @10..14: content after `\periph` is outside a paragraph; an implicit `\p` was opened
