---
source: usfm_parser/tests/recovery.rs
description: "\\id GEN\n\\c 1\n\\p \\v 1 a\\f + \\ft note"
---
Book GEN "" @0..7
ChapterStart 1@8..12
Para p@13..35
  VerseStart 1@16..20
  Text "a"@21..22
  Note f caller=+@22..35
    Char ft@27..35
      Text "note"@31..35
  VerseEnd 1
ChapterEnd 1
--- diagnostics
error[note-not-closed] @22..24: `\f` is not closed by `\f*`
warning[character-style-not-closed] @27..30: `\ft` was still open at end of input
